[www.brahmayya.com/index.html]
[backblue.gif]
[fade.gif]
[index.html]
[www.brahmayya.com/wp-content/themes/brahmayya/images/favicon.ico]
[www.brahmayya.com/wp-content/themes/brahmayya/css/bootstrap.min.css]
[www.brahmayya.com/wp-content/themes/brahmayya/css/style.css]
[www.brahmayya.com/wp-content/themes/brahmayya/css/media.css]
[www.brahmayya.com/wp-content/themes/brahmayya/css/custom.css]
[www.brahmayya.com/wp-content/themes/brahmayya/style.css]
[www.brahmayya.com/wp-content/themes/brahmayya/js/modernizr.js]
[www.brahmayya.com/wp-includes/css/dist/block-library/style.minf658.css]
[www.brahmayya.com/home-page/feed/index.html]
[www.brahmayya.com/wp-json/wp/v2/pages/79.json]
[www.brahmayya.com/xmlrpc0db0.php]
[www.brahmayya.com/wp-json/index.html]
[www.brahmayya.com/wp-includes/wlwmanifest.xml]
[www.brahmayya.com/wp-json/oembed/1.0/embedae3f.json]
[www.brahmayya.com/wp-json/oembed/1.0/embedddc7]
[www.brahmayya.com/wp-content/uploads/2015/03/ca-firm-chennai.jpg]
[www.brahmayya.com/wp-content/uploads/2015/03/logo.png]
[www.brahmayya.com/wp-content/uploads/2015/03/accounting-firm.jpg]
[www.brahmayya.com/wp-content/uploads/2015/03/auditing-services.jpg]
[www.brahmayya.com/wp-content/themes/brahmayya/images/brahmayya-co-logo.png]
[www.brahmayya.com/wp-content/uploads/2015/03/ca-firm-india-1.jpg]
[www.brahmayya.com/wp-content/uploads/2015/03/finance-banking-sector.png]
[www.brahmayya.com/sectors/finance-banking/index.html]
[www.brahmayya.com/wp-content/uploads/2015/03/manufacturing-sector.png]
[www.brahmayya.com/sectors/manufacturing/index.html]
[www.brahmayya.com/wp-content/uploads/2015/03/service-sector.png]
[www.brahmayya.com/sectors/service-sector/index.html]
[www.brahmayya.com/wp-content/uploads/2015/03/infrastructure-sector.png]
[www.brahmayya.com/sectors/infrastructure/index.html]
[www.brahmayya.com/wp-content/uploads/2015/03/power-sector.png]
[www.brahmayya.com/sectors/power/index.html]
[www.brahmayya.com/wp-content/uploads/2015/03/other-industries.png]
[www.brahmayya.com/sectors/others/index.html]
[www.brahmayya.com/wp-content/uploads/pdf_attachments/255/Brahmayya_Bulletin_May_V2.pdf]
[www.brahmayya.com/wp-content/uploads/2015/03/career-img.jpg]
[ajax.googleapis.com/ajax/libs/jquery/1.11.2/jquery.min.js]
[ajax.googleapis.com/ajax/libs/jqueryui/1.11.4/jquery-ui.min.js]
[www.brahmayya.com/wp-content/themes/brahmayya/js/jquery.validate.min.js]
[www.brahmayya.com/wp-content/themes/brahmayya/js/bootstrap.min.js]
[www.brahmayya.com/wp-content/themes/brahmayya/js/jquery.bxslider.min.js]
[www.brahmayya.com/wp-content/themes/brahmayya/js/common.js]
[www.google-analytics.com/analytics.js]
[www.brahmayya.com/index.html]
[www.brahmayya.com/wp-content/themes/brahmayya/js/validation.js]
[www.brahmayya.com/wp-content/themes/brahmayya/fonts/FiraSans-Bold.eot]
[www.brahmayya.com/wp-content/themes/brahmayya/fonts/FiraSans-Boldd41d.eot]
[www.brahmayya.com/wp-content/themes/brahmayya/fonts/FiraSans-Bold.woff]
[www.brahmayya.com/wp-content/themes/brahmayya/fonts/FiraSans-Bold.ttf]
[www.brahmayya.com/wp-content/themes/brahmayya/fonts/FiraSans-Bold.svg]
[www.brahmayya.com/wp-content/themes/brahmayya/fonts/FiraSans-Light.eot]
[www.brahmayya.com/wp-content/themes/brahmayya/fonts/FiraSans-Lightd41d.eot]
[www.brahmayya.com/wp-content/themes/brahmayya/fonts/FiraSans-Light.woff]
[www.brahmayya.com/wp-content/themes/brahmayya/fonts/FiraSans-Light.ttf]
[www.brahmayya.com/wp-content/themes/brahmayya/fonts/FiraSans-Light.svg]
[www.brahmayya.com/wp-content/themes/brahmayya/fonts/FiraSans-Regular.eot]
[www.brahmayya.com/wp-content/themes/brahmayya/fonts/FiraSans-Regulard41d.eot]
[www.brahmayya.com/wp-content/themes/brahmayya/fonts/FiraSans-Regular.woff]
[www.brahmayya.com/wp-content/themes/brahmayya/fonts/FiraSans-Regular.ttf]
[www.brahmayya.com/wp-content/themes/brahmayya/fonts/FiraSans-Regular.svg]
[www.brahmayya.com/wp-content/themes/brahmayya/fonts/FiraSans-Thin.eot]
[www.brahmayya.com/wp-content/themes/brahmayya/fonts/FiraSans-Thind41d.eot]
[www.brahmayya.com/wp-content/themes/brahmayya/fonts/FiraSans-Thin.woff]
[www.brahmayya.com/wp-content/themes/brahmayya/fonts/FiraSans-Thin.ttf]
[www.brahmayya.com/wp-content/themes/brahmayya/fonts/FiraSans-Thin.svg]
[www.brahmayya.com/wp-content/themes/brahmayya/fonts/fontawesome-webfonte0a5.eot]
[www.brahmayya.com/wp-content/themes/brahmayya/fonts/fontawesome-webfontd41d.eot]
[www.brahmayya.com/wp-content/themes/brahmayya/fonts/fontawesome-webfonte0a5.woff2]
[www.brahmayya.com/wp-content/themes/brahmayya/fonts/fontawesome-webfonte0a5.woff]
[www.brahmayya.com/wp-content/themes/brahmayya/fonts/fontawesome-webfonte0a5.ttf]
[www.brahmayya.com/wp-content/themes/brahmayya/fonts/fontawesome-webfonte0a5.svg]
[www.brahmayya.com/wp-content/themes/brahmayya/css/images/bx_loader.gif]
[www.brahmayya.com/wp-content/themes/brahmayya/css/images/controls.png]
[www.brahmayya.com/wp-content/themes/brahmayya/css/bootstrap.min.css]
[ajax.googleapis.com/ajax/libs/jqueryui/1.11.4/themes/smoothness/images/ui-bg_flat_75_ffffff_40x100.png]
[ajax.googleapis.com/ajax/libs/jqueryui/1.11.4/themes/smoothness/images/ui-bg_highlight-soft_75_cccccc_1x100.png]
[ajax.googleapis.com/ajax/libs/jqueryui/1.11.4/themes/smoothness/images/ui-bg_glass_75_e6e6e6_1x400.png]
[ajax.googleapis.com/ajax/libs/jqueryui/1.11.4/themes/smoothness/images/ui-bg_glass_75_dadada_1x400.png]
[ajax.googleapis.com/ajax/libs/jqueryui/1.11.4/themes/smoothness/images/ui-bg_glass_65_ffffff_1x400.png]
[ajax.googleapis.com/ajax/libs/jqueryui/1.11.4/themes/smoothness/images/ui-bg_glass_55_fbf9ee_1x400.png]
[ajax.googleapis.com/ajax/libs/jqueryui/1.11.4/themes/smoothness/images/ui-bg_glass_95_fef1ec_1x400.png]
[ajax.googleapis.com/ajax/libs/jqueryui/1.11.4/themes/smoothness/images/ui-icons_222222_256x240.png]
[ajax.googleapis.com/ajax/libs/jqueryui/1.11.4/themes/smoothness/images/ui-icons_888888_256x240.png]
[ajax.googleapis.com/ajax/libs/jqueryui/1.11.4/themes/smoothness/images/ui-icons_454545_256x240.png]
[ajax.googleapis.com/ajax/libs/jqueryui/1.11.4/themes/smoothness/images/ui-icons_2e83ff_256x240.png]
[ajax.googleapis.com/ajax/libs/jqueryui/1.11.4/themes/smoothness/images/ui-icons_cd0a0a_256x240.png]
[ajax.googleapis.com/ajax/libs/jqueryui/1.11.4/themes/smoothness/images/ui-bg_flat_0_aaaaaa_40x100.png]
[ajax.googleapis.com/ajax/libs/jqueryui/1.11.4/themes/smoothness/jquery-ui.css]
[www.brahmayya.com/wp-content/themes/brahmayya/images/oly-bg.png]
[www.brahmayya.com/wp-content/themes/brahmayya/images/dropArrow.png]
[www.brahmayya.com/wp-content/themes/brahmayya/images/dropArrowhover.png]
[www.brahmayya.com/wp-content/themes/brahmayya/images/listImg.jpg]
[www.brahmayya.com/wp-content/themes/brahmayya/images/newsBg.png]
[www.brahmayya.com/wp-content/themes/brahmayya/images/newsList.png]
[www.brahmayya.com/wp-content/themes/brahmayya/images/career-oly.png]
[www.brahmayya.com/wp-content/themes/brahmayya/images/footer-list.jpg]
[www.brahmayya.com/wp-content/themes/brahmayya/images/brahmayya-bg.jpg]
[www.brahmayya.com/wp-content/themes/brahmayya/images/breadcrumb-list.jpg]
[www.brahmayya.com/wp-content/themes/brahmayya/images/pageLine.jpg]
[www.brahmayya.com/wp-content/themes/brahmayya/images/sideBarsprit.png]
[www.brahmayya.com/wp-content/themes/brahmayya/images/upload.png]
[www.brahmayya.com/wp-content/themes/brahmayya/css/style.css]
[www.brahmayya.com/wp-content/themes/brahmayya/css/media.css]
[www.brahmayya.com/wp-content/themes/brahmayya/css/custom.css]
[www.brahmayya.com/wp-content/themes/brahmayya/style.css]
[www.brahmayya.com/wp-includes/css/dist/block-library/style.minf658.css]
[www.brahmayya.com/contact/index.html]
[www.brahmayya.com/who-we-are/history/index.html]
[www.brahmayya.com/what-we-do/work/index.html]
[www.brahmayya.com/what-we-do/values/index.html]
[www.brahmayya.com/what-we-do/services/audit-and-assurance/index.html]
[www.brahmayya.com/what-we-do/services/taxation-consultancy/index.html]
[www.brahmayya.com/what-we-do/services/corporate-advisory/index.html]
[www.brahmayya.com/what-we-do/services/risk-mitigation/index.html]
[www.brahmayya.com/what-we-do/services/business-intelligence/index.html]
[www.brahmayya.com/wp-json/oembed/1.0/embedf749.json]
[www.brahmayya.com/wp-json/oembed/1.0/embed69c5]
[www.brahmayya.com/sectors/index.html]
[www.brahmayya.com/sectors/finance-banking/index.html]
[www.brahmayya.com/wp-json/oembed/1.0/embed62d3.json]
[www.brahmayya.com/wp-json/oembed/1.0/embed683f]
[www.brahmayya.com/sectors/manufacturing/index.html]
[www.brahmayya.com/wp-json/oembed/1.0/embedfbe1.json]
[www.brahmayya.com/wp-json/oembed/1.0/embed0951]
[www.brahmayya.com/sectors/service-sector/index.html]
[www.brahmayya.com/wp-json/oembed/1.0/embed8c6e.json]
[www.brahmayya.com/wp-json/oembed/1.0/embede2bb]
[www.brahmayya.com/sectors/infrastructure/index.html]
[www.brahmayya.com/wp-json/oembed/1.0/embedd2cd.json]
[www.brahmayya.com/wp-json/oembed/1.0/embed2805]
[www.brahmayya.com/sectors/power/index.html]
[www.brahmayya.com/wp-json/oembed/1.0/embed4367.json]
[www.brahmayya.com/wp-json/oembed/1.0/embed9af5]
[www.brahmayya.com/sectors/others/index.html]
[www.brahmayya.com/newsroom/index.html]
[www.brahmayya.com/careers/index.html]
[www.brahmayya.com/wp-content/themes/brahmayya/fonts/FiraSans-Bold.svg]
[www.brahmayya.com/wp-content/themes/brahmayya/fonts/FiraSans-Light.svg]
[www.brahmayya.com/wp-content/themes/brahmayya/fonts/FiraSans-Regular.svg]
[www.brahmayya.com/wp-content/themes/brahmayya/fonts/FiraSans-Thin.svg]
[www.brahmayya.com/wp-content/themes/brahmayya/fonts/fontawesome-webfonte0a5.svg]
[www.brahmayya.com/wp-content/themes/brahmayya/css/images/bx_loader.html]
[www.brahmayya.com/wp-content/themes/brahmayya/css/images/controls.html]
[www.brahmayya.com/index4170.html]
[www.brahmayya.com/who-we-are/index.html]
[www.brahmayya.com/what-we-do/index.html]
[www.brahmayya.com/wp-json/wp/v2/pages/8.json]
[www.brahmayya.com/sectors/feed/index.html]
[www.brahmayya.com/wp-json/oembed/1.0/embed06f3.json]
[www.brahmayya.com/wp-json/oembed/1.0/embed6a03]
[www.brahmayya.com/sectors/index.html]
[www.brahmayya.com/indexcb30.html]
[www.brahmayya.com/index0012.html]
[www.brahmayya.com/index8cf7.html]
[www.brahmayya.com/indexcc0f.html]
[www.brahmayya.com/index2dc8.html]
[www.brahmayya.com/sectors/feed/index.html]
[www.brahmayya.com/index2df4.html]
